
> tauri-app@0.1.0 tauri
> tauri dev

node.exe : failed to 
run 'cargo metadata' 
command to get 
workspace directory: 
failed to run command 
cargo metadata 
--no-deps 
--format-version 1: 
program not found
At line:1 char:1
+ & "C:\Program Files\
nodejs/node.exe" 
"C:\Program 
Files\nodejs/node_mo 
...
+ ~~~~~~~~~~~~~~~~~~~~
~~~~~~~~~~~~~~~~~~~~~~
~~~~~~~~~~~~~~~~~~~~~~
~~~~~
    + CategoryInfo    
          : 
NotSpecified: (f    
ailed to run '...ogra 
   m not 
found:String) [    ], 
RemoteException
    + 
FullyQualifiedError   
 Id : 
NativeCommandErr    or
 
       Error failed 
to run 'cargo 
metadata' command to 
get workspace 
directory: failed to 
run command cargo 
metadata --no-deps 
--format-version 1: 
program not found
